                                                                             
   [38;2;246;85;85mc[0m[38;2;246;166;85ml[0m[38;2;246;246;85ma[0m[38;2;166;246;85mu[0m[38;2;85;246;85mc[0m[38;2;85;246;166mh[0m[38;2;85;246;246my[0m                                                            [38;2;108;112;134mMax 20x[0m
                                                         [38;2;108;112;134mResets Jul 7, 7:30am[0m
   [38;2;166;227;161mSession 22%[0m            [38;2;166;227;161mWeek 31%[0m               [38;2;166;227;161mFable 24%[0m                   
   [38;2;166;227;161m[0m[38;2;166;227;161m███[0m[38;2;63;63;63m███████████████[0m[38;2;63;63;63m[0m   [38;2;166;227;161m[0m[38;2;166;227;161m█████[0m[38;2;63;63;63m█████████████[0m[38;2;63;63;63m[0m   [38;2;166;227;161m[0m[38;2;166;227;161m████[0m[38;2;63;63;63m██████████████[0m[38;2;63;63;63m[0m        
                                                                             
   [38;2;88;91;112m────────────────────────────────────┬─────────────────────────────────────[0m
                                       [38;2;88;91;112m│[0m                                     
   [1;38;2;137;220;235mToday ↘[0m                             [38;2;88;91;112m│[0m [1;38;2;137;220;235mModels (7d)[0m                         
   Input                            2K [38;2;88;91;112m│[0m Opus 4.5  327.0M · 99%              
   Output                         184K [38;2;88;91;112m│[0m [38;2;137;220;235m[0m[38;2;137;220;235m█████████████████████████████████[0m[38;2;63;63;63m█[0m[38;2;63;63;63m[0m
   Cache Read                    82.1M [38;2;88;91;112m│[0m                                     
   Cache Write                    2.1M [38;2;88;91;112m│[0m Haiku 3.5  317K · 0%                
                                       [38;2;88;91;112m│[0m [38;2;137;220;235m[0m[38;2;137;220;235m█[0m[38;2;63;63;63m█████████████████████████████████[0m[38;2;63;63;63m[0m
   Total                               [38;2;88;91;112m│[0m                                     
   [1;38;2;137;220;235m█▀█ █ █   █ █   [0m                    [38;2;88;91;112m│[0m                                     
   [1;38;2;137;220;235m█▄█ █▄█   █▄█   [0m                    [38;2;88;91;112m│[0m [1;38;2;137;220;235mThis Week[0m                           
   [1;38;2;137;220;235m█ █   █ ▄   █  M[0m                    [38;2;88;91;112m│[0m 240.0M tokens                  ~$463
   [1;38;2;137;220;235m▀▀▀   ▀ ▀   ▀   [0m                    [38;2;88;91;112m│[0m                            2d streak
   API equiv.                    ~$167 [38;2;88;91;112m│[0m                                     
   Sessions                          3 [38;2;88;91;112m│[0m                                     
   Messages                        550 [38;2;88;91;112m│[0m                                     

   [38;2;108;112;134m                     [38;2;108;112;134mest. costs · pricing from Jul 7, 2026 · updated 12:00[0m[0m   