[?25l[?2004h                                                                             [K
   [1mCLAUDE CODE[0m                                                        [38;2;108;112;134mMax 20x[0m[K
                                                                             [K
                                                         [38;2;108;112;134mResets Jul 7, 7:30am[0m[K
   [38;2;255;255;255mSession 22%[0m            [38;2;255;255;255mWeek 31%[0m               [38;2;255;255;255mFable 24%[0m                   [K
   [38;2;255;255;255m███[0m[38;2;63;63;63m███████████████[0m   [38;2;255;255;255m█████[0m[38;2;63;63;63m█████████████[0m   [38;2;255;255;255m████[0m[38;2;63;63;63m██████████████[0m        [K
   [38;2;88;91;112m────────────────────────────────────┬─────────────────────────────────────[0m[K
   [1mToday ↘[0m                             [38;2;88;91;112m│[0m [1mModels (7d)[0m                         [K
   Input                             2K[38;2;88;91;112m│[0m Opus 4.5  327.0M · 99%              [K
   Output                          184K[38;2;88;91;112m│[0m [38;2;255;255;255m█████████████████████████████████[0m[38;2;63;63;63m█[0m[K
   Cache Read                     82.1M[38;2;88;91;112m│[0m                                     [K
   Cache Write                     2.1M[38;2;88;91;112m│[0m Haiku 3.5  317K · 0%                [K
                                       [38;2;88;91;112m│[0m [38;2;255;255;255m█[0m[38;2;63;63;63m█████████████████████████████████[0m[K
   Total                               [38;2;88;91;112m│[0m                                     [K
   [1m█▀█ █ █   █ █   [0m                    [38;2;88;91;112m│[0m                                     [K
   [1m█▄█ █▄█   █▄█   [0m                    [38;2;88;91;112m│[0m [1mThis Week[0m                           [K
   [1m█ █   █ ▄   █  M[0m                    [38;2;88;91;112m│[0m 240.0M tokens                  ~$463[K
   [1m▀▀▀   ▀ ▀   ▀   [0m                    [38;2;88;91;112m│[0m                            2d streak[K
   API equiv.                     ~$167[38;2;88;91;112m│[0m                                     [K
   Sessions                           3[38;2;88;91;112m│[0m                                     [K
   Messages                         550[38;2;88;91;112m│[0m                                     [K
[K
[K
   [38;2;108;112;134m[38;2;255;255;255mc[0m[38;2;243;243;243ml[0m[38;2;210;210;210ma[0m[38;2;166;166;166mu[0m[38;2;121;121;121mc[0m[38;2;88;88;88mh[0m[38;2;77;77;77my[0m              est. costs · pricing from Jul 7, 2026 · updated 12:00[0m   [2K[?2004l[?25h[?1002l[?1003l[?1006l